Microchip MPLAB XC8 Compiler V2.00 ()

Linker command line:

-W-3 --edf=C:\Program Files (x86)\Microchip\xc8\v2.00\pic\dat\en_msgs.txt \
  -cs -h+dist/XC8_PIC10F322/production\ir_send_test.X.production.sym \
  --cmf=dist/XC8_PIC10F322/production\ir_send_test.X.production.cmf -z \
  -Q10F322 -oC:\Users\knock\AppData\Local\Temp\s12cg.2 \
  --defsym=__MPLAB_BUILD=1 \
  -Mdist/XC8_PIC10F322/production/ir_send_test.X.production.map -E1 \
  -ver=XC8 --acfsm=1493 -ASTACK=045h-07dh -pstack=STACK -ACODE=00h-01FFh \
  -ASTRCODE=00h-01FFh -ASTRING=00h-0FFhx2 -ACONST=00h-0FFhx2 \
  -AENTRY=00h-0FFhx2 -ABANK0=040h-07Dh -ARAM=040h-07Dh -AABS1=040h-07Fh \
  -ACOMMON=07Eh-07Fh -ASFR0=00h-03Fh \
  -preset_vec=00h,intentry=04h,init,end_init -ppowerup=CODE -pcinit=CODE \
  -pfunctab=ENTRY -ACONFIG=02007h-02007h -pconfig=CONFIG -DCONFIG=2 \
  -AIDLOC=02000h-02003h -pidloc=IDLOC -DIDLOC=2 -DCODE=2 -DSTRCODE=2 \
  -DSTRING=2 -DCONST=2 -DENTRY=2 -k \
  C:\Users\knock\AppData\Local\Temp\s12cg.o \
  dist/XC8_PIC10F322/production\ir_send_test.X.production.o 

Object code version is 3.11

Machine type is 10F322



                Name                               Link     Load   Length Selector   Space Scale
C:\Users\knock\AppData\Local\Temp\s12cg.o
                end_init                              A        A        1        8       0
                reset_vec                             0        0        1        0       0
                config                             2007     2007        1     400E       0
dist/XC8_PIC10F322/production\ir_send_test.X.production.o
                cinit                                 B        B        2        8       0
                intentry                              4        4        6        8       0
                text4                                8C       8C        7        8       0
                text3                                93       93        1        8       0
                text2                                76       76        F        8       0
                text1                                85       85        7        8       0
                maintext                              D        D       69        8       0
                cstackBANK0                          40       40        5       40       1

TOTAL           Name                               Link     Load   Length     Space
        CLASS   STACK          

        CLASS   CODE           
                end_init                              A        A        1         0
                cinit                                 B        B        2         0
                intentry                              4        4        6         0
                reset_vec                             0        0        1         0
                text4                                8C       8C        7         0
                text3                                93       93        1         0
                text2                                76       76        F         0
                text1                                85       85        7         0
                maintext                              D        D       69         0

        CLASS   STRCODE        

        CLASS   STRING         

        CLASS   CONST          

        CLASS   ENTRY          

        CLASS   BANK0          
                cstackBANK0                          40       40        5         1

        CLASS   RAM            

        CLASS   ABS1           
                abs_s1                               7E       7E        2         1

        CLASS   COMMON         

        CLASS   SFR0           

        CLASS   CONFIG         
                config                             2007     2007        1         0

        CLASS   IDLOC          

        CLASS   EEDATA         



SEGMENTS        Name                           Load    Length   Top    Selector   Space  Class     Delta

                reset_vec                      000000  000001  000001         0       0  CODE        2
                intentry                       000004  000090  000094         8       0  CODE        2
                cstackBANK0                    000040  000005  000045        40       1  BANK0       1
                config                         002007  000001  002008      400E       0  CONFIG      2


UNUSED ADDRESS RANGES

        Name                Unused          Largest block    Delta
        BANK0            0045-007D             39           1
        CODE             0001-0003              3           2
                         0094-01FF            16C
        CONST            0001-0003              3           2
                         0094-01FF             6C
        ENTRY            0001-0003              3           2
                         0094-01FF             6C
        IDLOC            2000-2003              4           2
        RAM              0045-007D             39           1
        SFR0             0000-003F             40           1
        STACK            0045-007D             39           1
        STRCODE          0001-0003              3           2
                         0094-01FF            16C
        STRING           0001-0003              3           2
                         0094-01FF             6C

                                  Symbol Table

_ANSELA                       (abs)        0008
_ConfigureOscillator          text3        0093
_InitApp                      text1        0085
_LATA                         (abs)        0007
_PIR1bits                     (abs)        000C
_PR2                          (abs)        0012
_PWM2CONbits                  (abs)        0019
_PWM2DCH                      (abs)        0018
_PWM2DCL                      (abs)        0017
_RA0                          (abs)        0028
_RA2                          (abs)        002A
_SetupPWM                     text2        0076
_T2CONbits                    (abs)        0013
_TRISA                        (abs)        0006
_WPUA                         (abs)        0009
__CFG_BOREN$ON                (abs)        0000
__CFG_BORV$LO                 (abs)        0000
__CFG_CP$OFF                  (abs)        0000
__CFG_FOSC$INTOSC             (abs)        0000
__CFG_LPBOR$ON                (abs)        0000
__CFG_LVP$ON                  (abs)        0000
__CFG_MCLRE$OFF               (abs)        0000
__CFG_PWRTE$OFF               (abs)        0000
__CFG_WDTE$OFF                (abs)        0000
__CFG_WRT$OFF                 (abs)        0000
__Habs1                       abs1         0000
__Hbank0                      bank0        0000
__Hcinit                      cinit        000D
__Hclrtext                    clrtext      0000
__Hcode                       code         0000
__Hcommon                     common       0000
__Hconfig                     config       2008
__HcstackBANK0                cstackBANK0  0000
__HcstackCOMMON               cstackCOMMON 0000
__Heeprom_data                eeprom_data  0000
__Hend_init                   end_init     000B
__Hfunctab                    functab      0000
__Hidloc                      idloc        0000
__Hinit                       init         000A
__Hintentry                   intentry     000A
__Hmaintext                   maintext     0000
__Hpowerup                    powerup      0000
__Hram                        ram          0000
__Hreset_vec                  reset_vec    0001
__Hsfr0                       sfr0         0000
__Hspace_0                    (abs)        2008
__Hspace_1                    (abs)        0045
__Hspace_2                    (abs)        0000
__Hspace_3                    (abs)        0000
__Hstack                      stack        0000
__Hstrings                    strings      0000
__Htext                       text         0000
__Labs1                       abs1         0000
__Lbank0                      bank0        0000
__Lcinit                      cinit        000B
__Lclrtext                    clrtext      0000
__Lcode                       code         0000
__Lcommon                     common       0000
__Lconfig                     config       2007
__LcstackBANK0                cstackBANK0  0000
__LcstackCOMMON               cstackCOMMON 0000
__Leeprom_data                eeprom_data  0000
__Lend_init                   end_init     000A
__Lfunctab                    functab      0000
__Lidloc                      idloc        0000
__Linit                       init         000A
__Lintentry                   intentry     0004
__Lmaintext                   maintext     0000
__Lpowerup                    powerup      0000
__Lram                        ram          0000
__Lreset_vec                  reset_vec    0000
__Lsfr0                       sfr0         0000
__Lspace_0                    (abs)        0000
__Lspace_1                    (abs)        0000
__Lspace_2                    (abs)        0000
__Lspace_3                    (abs)        0000
__Lstack                      stack        0000
__Lstrings                    strings      0000
__Ltext                       text         0000
__S0                          (abs)        2008
__S1                          (abs)        0045
__S2                          (abs)        0000
___int_sp                     stack        0000
___latbits                    (abs)        0000
___sp                         stack        0000
__end_of_ConfigureOscillator  text3        0094
__end_of_InitApp              text1        008C
__end_of_SetupPWM             text2        0085
__end_of__initialization      cinit        000B
__end_of_isr                  text4        0093
__end_of_main                 maintext     0076
__initialization              cinit        000B
__pcstackBANK0                cstackBANK0  0040
__pcstackCOMMON               cstackCOMMON 0000
__pintentry                   intentry     0004
__pmaintext                   maintext     000D
__ptext1                      text1        0085
__ptext2                      text2        0076
__ptext3                      text3        0093
__ptext4                      text4        008C
__size_of_ConfigureOscillator (abs)        0000
__size_of_InitApp             (abs)        0000
__size_of_SetupPWM            (abs)        0000
__size_of_isr                 (abs)        0000
__size_of_main                (abs)        0000
_isr                          text4        008C
_main                         maintext     000D
btemp                         (abs)        007E
end_of_initialization         cinit        000B
interrupt_function            intentry     0004
intlevel0                     functab      0000
intlevel1                     functab      0000
intlevel2                     functab      0000
intlevel3                     functab      0000
intlevel4                     functab      0000
intlevel5                     functab      0000
reset_vec                     reset_vec    0000
saved_w                       (abs)        007E
stackhi                       (abs)        0000
stacklo                       (abs)        0000
start                         init         000A
start_initialization          cinit        000B
wtemp0                        (abs)        007E


FUNCTION INFORMATION:

 *************** function _main *****************
 Defined at:
		line 28 in file "main.c"
 Parameters:    Size  Location     Type
		None
 Auto vars:     Size  Location     Type
		None
 Return value:  Size  Location     Type
                  1    wreg      void 
 Registers used:
		wreg, status,2, status,0, pclath, cstack
 Tracked objects:
		On entry : 
		On exit  : 
		Unchanged: 
 Data sizes:     COMMON   BANK0
      Params:         0       0
      Locals:         0       0
      Temps:          0       3
      Totals:         0       3
Total ram usage:        3 bytes
 Hardware stack levels required when called:    3
 This function calls:
		_ConfigureOscillator
		_InitApp
 This function is called by:
		Startup code after reset
 This function uses a non-reentrant model


 *************** function _InitApp *****************
 Defined at:
		line 53 in file "user.c"
 Parameters:    Size  Location     Type
		None
 Auto vars:     Size  Location     Type
		None
 Return value:  Size  Location     Type
                  1    wreg      void 
 Registers used:
		wreg, status,2, status,0, pclath, cstack
 Tracked objects:
		On entry : 
		On exit  : 
		Unchanged: 
 Data sizes:     COMMON   BANK0
      Params:         0       0
      Locals:         0       0
      Temps:          0       0
      Totals:         0       0
Total ram usage:        0 bytes
 Hardware stack levels used:    1
 Hardware stack levels required when called:    2
 This function calls:
		_SetupPWM
 This function is called by:
		_main
 This function uses a non-reentrant model


 *************** function _SetupPWM *****************
 Defined at:
		line 23 in file "user.c"
 Parameters:    Size  Location     Type
		None
 Auto vars:     Size  Location     Type
		None
 Return value:  Size  Location     Type
                  1    wreg      void 
 Registers used:
		wreg, status,2, status,0
 Tracked objects:
		On entry : 
		On exit  : 
		Unchanged: 
 Data sizes:     COMMON   BANK0
      Params:         0       0
      Locals:         0       0
      Temps:          0       0
      Totals:         0       0
Total ram usage:        0 bytes
 Hardware stack levels used:    1
 Hardware stack levels required when called:    1
 This function calls:
		Nothing
 This function is called by:
		_InitApp
 This function uses a non-reentrant model


 *************** function _ConfigureOscillator *****************
 Defined at:
		line 18 in file "system.c"
 Parameters:    Size  Location     Type
		None
 Auto vars:     Size  Location     Type
		None
 Return value:  Size  Location     Type
                  1    wreg      void 
 Registers used:
		None
 Tracked objects:
		On entry : 
		On exit  : 
		Unchanged: 
 Data sizes:     COMMON   BANK0
      Params:         0       0
      Locals:         0       0
      Temps:          0       0
      Totals:         0       0
Total ram usage:        0 bytes
 Hardware stack levels used:    1
 Hardware stack levels required when called:    1
 This function calls:
		Nothing
 This function is called by:
		_main
 This function uses a non-reentrant model


 *************** function _isr *****************
 Defined at:
		line 24 in file "interrupts.c"
 Parameters:    Size  Location     Type
		None
 Auto vars:     Size  Location     Type
		None
 Return value:  Size  Location     Type
                  1    wreg      void 
 Registers used:
		None
 Tracked objects:
		On entry : 
		On exit  : 
		Unchanged: 
 Data sizes:     COMMON   BANK0
      Params:         0       0
      Locals:         0       0
      Temps:          0       2
      Totals:         0       2
Total ram usage:        2 bytes
 Hardware stack levels used:    1
 This function calls:
		Nothing
 This function is called by:
		Interrupt level 1
 This function uses a non-reentrant model



MODULE INFORMATION

Module		Function		Class		Link	Load	Size
interrupts.c
		_isr           		CODE           	008C	0000	8

interrupts.c estimated size: 8

shared
		__initialization		CODE           	000B	0000	1

shared estimated size: 1

user.c
		_InitApp       		CODE           	0085	0000	8
		_SetupPWM      		CODE           	0076	0000	16

user.c estimated size: 24

main.c
		_main          		CODE           	000D	0000	106

main.c estimated size: 106

system.c
		_ConfigureOscillator		CODE           	0093	0000	2

system.c estimated size: 2

